<?xml version="1.0" encoding="UTF-8"?>
<testsuites name="jest tests" tests="1" failures="0" errors="0" time="2.501">
  <testsuite name="undefined" errors="0" failures="0" skipped="0" timestamp="2022-09-06T21:08:46" time="2.408" tests="1">
    <testcase classname=" should match synth snapshot" name=" should match synth snapshot" time="0.039">
    </testcase>
  </testsuite>
</testsuites>